<?xml version="1.0" encoding="UTF-8"?>
<TestRun id="26cc87a8-a4e0-4dd6-817a-9797a65caf47" name="Jim@JIM-MOBILE7 2011-11-08 20:53:55" runUser="LOGIC\Jim" xmlns="http://microsoft.com/schemas/VisualStudio/TeamTest/2010">
  <TestSettings name="Local" id="cac0bc0b-ab24-4a67-8e6f-c38ad8aab0d0">
    <Description>These are default test settings for a local test run.</Description>
    <Deployment enabled="false" runDeploymentRoot="Jim_JIM-MOBILE7 2011-11-08 20_53_55">
      <DeploymentItem filename="D:\Misc\Code\SolrNet\lib\Gallio.dll" />
      <DeploymentItem filename="D:\Misc\Code\SolrNet\SolrNet.Tests\bin\Debug\SolrNet.Tests.dll" />
      <DeploymentItem filename="D:\Misc\Code\SolrNet\LINQ.SolrNet\bin\Debug\SolrNet.LINQ.dll" />
      <DeploymentItem filename="D:\Misc\Code\SolrNet\lib\Rhino.Mocks.dll" />
      <DeploymentItem filename="D:\Misc\Code\SolrNet\lib\MbUnit.dll" />
      <DeploymentItem filename="D:\Misc\Code\SolrNet\SolrNet\bin\Debug\SolrNet.dll" />
    </Deployment>
    <Execution>
      <TestTypeSpecific />
      <AgentRule name="Execution Agents">
      </AgentRule>
    </Execution>
  </TestSettings>
  <Times creation="2011-11-08T20:53:55.9197946+02:00" queuing="2011-11-08T20:54:03.1632089+02:00" start="2011-11-08T20:54:03.4242238+02:00" finish="2011-11-08T20:54:07.2044400+02:00" />
  <ResultSummary outcome="Error">
    <Counters total="9" executed="9" error="0" failed="0" timeout="0" aborted="9" inconclusive="0" passedButRunAborted="0" notRunnable="0" notExecuted="0" disconnected="0" warning="0" passed="0" completed="0" inProgress="0" pending="0" />
    <RunInfos>
      <RunInfo computerName="JIM-MOBILE7" outcome="Error" timestamp="2011-11-08T20:54:07.2004398+02:00">
        <Text>Test host process exited unexpectedly.</Text>
      </RunInfo>
    </RunInfos>
  </ResultSummary>
  <TestDefinitions>
    <GallioTestElement name="DefaultField" storage="D:\Misc\Code\SolrNet\LINQ.SolrNet.Tests\bin\Debug\SolrNet.LINQ.Tests.dll" id="66613137-3935-3836-3464-633331353020" d3p1:Gallio.TestId="71af59684dc3150" d3p1:Gallio.AssemblyName="SolrNet.LINQ.Tests, Version=1.0.0.0, Culture=neutral, PublicKeyToken=null" d3p1:Gallio.NamespaceName="SolrNet.LINQ.Tests" d3p1:Gallio.TypeName="SolrNet.LINQ.Tests.QueryableSolrNetTester" d3p1:Gallio.MemberName="DefaultField" d3p1:Gallio.ParameterName="" d3p1:Gallio.Path="D:\Misc\Code\SolrNet\LINQ.SolrNet.Tests\QueryableSolrNetTester.cs" d3p1:Gallio.Line="94" d3p1:Gallio.Column="0" xmlns:d3p1="http://www.gallio.org/">
      <Execution id="cd4cac78-ed6d-484f-9f31-da3ef0d3dcbd" />
      <Properties>
        <Property>
          <Key>TestKind</Key>
          <Value>Test</Value>
        </Property>
      </Properties>
    </GallioTestElement>
    <GallioTestElement name="AndsOrs" storage="D:\Misc\Code\SolrNet\LINQ.SolrNet.Tests\bin\Debug\SolrNet.LINQ.Tests.dll" id="61643337-6565-3630-3935-326438613220" d3p1:Gallio.TestId="73daee06952d8a2" d3p1:Gallio.AssemblyName="SolrNet.LINQ.Tests, Version=1.0.0.0, Culture=neutral, PublicKeyToken=null" d3p1:Gallio.NamespaceName="SolrNet.LINQ.Tests" d3p1:Gallio.TypeName="SolrNet.LINQ.Tests.QueryableSolrNetTester" d3p1:Gallio.MemberName="AndsOrs" d3p1:Gallio.ParameterName="" d3p1:Gallio.Path="D:\Misc\Code\SolrNet\LINQ.SolrNet.Tests\QueryableSolrNetTester.cs" d3p1:Gallio.Line="117" d3p1:Gallio.Column="0" xmlns:d3p1="http://www.gallio.org/">
      <Execution id="9682ca6e-91fd-4b59-af1e-6ab172bca255" />
      <Properties>
        <Property>
          <Key>TestKind</Key>
          <Value>Test</Value>
        </Property>
      </Properties>
    </GallioTestElement>
    <GallioTestElement name="GreaterEquals_SmallerEqual" storage="D:\Misc\Code\SolrNet\LINQ.SolrNet.Tests\bin\Debug\SolrNet.LINQ.Tests.dll" id="35343135-6530-6565-3663-336134633930" d3p1:Gallio.TestId="51450eee6c3a4c90" d3p1:Gallio.AssemblyName="SolrNet.LINQ.Tests, Version=1.0.0.0, Culture=neutral, PublicKeyToken=null" d3p1:Gallio.NamespaceName="SolrNet.LINQ.Tests" d3p1:Gallio.TypeName="SolrNet.LINQ.Tests.QueryableSolrNetTester" d3p1:Gallio.MemberName="GreaterEquals_SmallerEqual" d3p1:Gallio.ParameterName="" d3p1:Gallio.Path="D:\Misc\Code\SolrNet\LINQ.SolrNet.Tests\QueryableSolrNetTester.cs" d3p1:Gallio.Line="46" d3p1:Gallio.Column="0" xmlns:d3p1="http://www.gallio.org/">
      <Execution id="59624ad8-63a3-4aea-bde8-115092c708dc" />
      <Properties>
        <Property>
          <Key>TestKind</Key>
          <Value>Test</Value>
        </Property>
      </Properties>
    </GallioTestElement>
    <GallioTestElement name="NotOperator" storage="D:\Misc\Code\SolrNet\LINQ.SolrNet.Tests\bin\Debug\SolrNet.LINQ.Tests.dll" id="32353163-3465-6162-3762-636231366337" d3p1:Gallio.TestId="c152e4ba7bcb16c7" d3p1:Gallio.AssemblyName="SolrNet.LINQ.Tests, Version=1.0.0.0, Culture=neutral, PublicKeyToken=null" d3p1:Gallio.NamespaceName="SolrNet.LINQ.Tests" d3p1:Gallio.TypeName="SolrNet.LINQ.Tests.QueryableSolrNetTester" d3p1:Gallio.MemberName="NotOperator" d3p1:Gallio.ParameterName="" d3p1:Gallio.Path="D:\Misc\Code\SolrNet\LINQ.SolrNet.Tests\QueryableSolrNetTester.cs" d3p1:Gallio.Line="70" d3p1:Gallio.Column="0" xmlns:d3p1="http://www.gallio.org/">
      <Execution id="b0426684-4c6c-4ea8-af1d-9cac887d045e" />
      <Properties>
        <Property>
          <Key>TestKind</Key>
          <Value>Test</Value>
        </Property>
      </Properties>
    </GallioTestElement>
    <GallioTestElement name="DynamicField" storage="D:\Misc\Code\SolrNet\LINQ.SolrNet.Tests\bin\Debug\SolrNet.LINQ.Tests.dll" id="31626539-6563-3962-3336-393939666530" d3p1:Gallio.TestId="9eb1ceb936999fe0" d3p1:Gallio.AssemblyName="SolrNet.LINQ.Tests, Version=1.0.0.0, Culture=neutral, PublicKeyToken=null" d3p1:Gallio.NamespaceName="SolrNet.LINQ.Tests" d3p1:Gallio.TypeName="SolrNet.LINQ.Tests.QueryableSolrNetTester" d3p1:Gallio.MemberName="DynamicField" d3p1:Gallio.ParameterName="" d3p1:Gallio.Path="D:\Misc\Code\SolrNet\LINQ.SolrNet.Tests\QueryableSolrNetTester.cs" d3p1:Gallio.Line="190" d3p1:Gallio.Column="0" xmlns:d3p1="http://www.gallio.org/">
      <Execution id="104da101-715c-44ce-bc60-8ca583559c1a" />
      <Properties>
        <Property>
          <Key>TestKind</Key>
          <Value>Test</Value>
        </Property>
      </Properties>
    </GallioTestElement>
    <GallioTestElement name="PartialEval" storage="D:\Misc\Code\SolrNet\LINQ.SolrNet.Tests\bin\Debug\SolrNet.LINQ.Tests.dll" id="38633163-3262-6634-3637-626463376365" d3p1:Gallio.TestId="c1c8b24f67bdc7ce" d3p1:Gallio.AssemblyName="SolrNet.LINQ.Tests, Version=1.0.0.0, Culture=neutral, PublicKeyToken=null" d3p1:Gallio.NamespaceName="SolrNet.LINQ.Tests" d3p1:Gallio.TypeName="SolrNet.LINQ.Tests.QueryableSolrNetTester" d3p1:Gallio.MemberName="PartialEval" d3p1:Gallio.ParameterName="" d3p1:Gallio.Path="D:\Misc\Code\SolrNet\LINQ.SolrNet.Tests\QueryableSolrNetTester.cs" d3p1:Gallio.Line="16707566" d3p1:Gallio.Column="0" xmlns:d3p1="http://www.gallio.org/">
      <Execution id="b5251da6-2cd6-4b84-a230-657ab74c8bfb" />
      <Properties>
        <Property>
          <Key>TestKind</Key>
          <Value>Test</Value>
        </Property>
      </Properties>
    </GallioTestElement>
    <GallioTestElement name="WhereEqual" storage="D:\Misc\Code\SolrNet\LINQ.SolrNet.Tests\bin\Debug\SolrNet.LINQ.Tests.dll" id="31326362-3538-3162-3766-343661363665" d3p1:Gallio.TestId="bc2185b17f46a66e" d3p1:Gallio.AssemblyName="SolrNet.LINQ.Tests, Version=1.0.0.0, Culture=neutral, PublicKeyToken=null" d3p1:Gallio.NamespaceName="SolrNet.LINQ.Tests" d3p1:Gallio.TypeName="SolrNet.LINQ.Tests.QueryableSolrNetTester" d3p1:Gallio.MemberName="WhereEqual" d3p1:Gallio.ParameterName="" d3p1:Gallio.Path="D:\Misc\Code\SolrNet\LINQ.SolrNet.Tests\QueryableSolrNetTester.cs" d3p1:Gallio.Line="21" d3p1:Gallio.Column="0" xmlns:d3p1="http://www.gallio.org/">
      <Execution id="8bb91503-03ef-4778-9ba4-560d90f3de6b" />
      <Properties>
        <Property>
          <Key>TestKind</Key>
          <Value>Test</Value>
        </Property>
      </Properties>
    </GallioTestElement>
    <GallioTestElement name="Sort" storage="D:\Misc\Code\SolrNet\LINQ.SolrNet.Tests\bin\Debug\SolrNet.LINQ.Tests.dll" id="64636433-3661-3033-6433-666637313661" d3p1:Gallio.TestId="3dcda630d3ff716a" d3p1:Gallio.AssemblyName="SolrNet.LINQ.Tests, Version=1.0.0.0, Culture=neutral, PublicKeyToken=null" d3p1:Gallio.NamespaceName="SolrNet.LINQ.Tests" d3p1:Gallio.TypeName="SolrNet.LINQ.Tests.QueryableSolrNetTester" d3p1:Gallio.MemberName="Sort" d3p1:Gallio.ParameterName="" d3p1:Gallio.Path="D:\Misc\Code\SolrNet\LINQ.SolrNet.Tests\QueryableSolrNetTester.cs" d3p1:Gallio.Line="16707566" d3p1:Gallio.Column="0" xmlns:d3p1="http://www.gallio.org/">
      <Execution id="8087ab78-3b56-4afc-92ae-bd75f5876f78" />
      <Properties>
        <Property>
          <Key>TestKind</Key>
          <Value>Test</Value>
        </Property>
      </Properties>
    </GallioTestElement>
    <GallioTestElement name="Collection" storage="D:\Misc\Code\SolrNet\LINQ.SolrNet.Tests\bin\Debug\SolrNet.LINQ.Tests.dll" id="32326366-3230-6230-6536-636466666165" d3p1:Gallio.TestId="fc22020be6cdffae" d3p1:Gallio.AssemblyName="SolrNet.LINQ.Tests, Version=1.0.0.0, Culture=neutral, PublicKeyToken=null" d3p1:Gallio.NamespaceName="SolrNet.LINQ.Tests" d3p1:Gallio.TypeName="SolrNet.LINQ.Tests.QueryableSolrNetTester" d3p1:Gallio.MemberName="Collection" d3p1:Gallio.ParameterName="" d3p1:Gallio.Path="D:\Misc\Code\SolrNet\LINQ.SolrNet.Tests\QueryableSolrNetTester.cs" d3p1:Gallio.Line="166" d3p1:Gallio.Column="0" xmlns:d3p1="http://www.gallio.org/">
      <Execution id="9d4db1a2-b530-47fe-ac3c-0423d4adbb2e" />
      <Properties>
        <Property>
          <Key>TestKind</Key>
          <Value>Test</Value>
        </Property>
      </Properties>
    </GallioTestElement>
  </TestDefinitions>
  <TestLists>
    <TestList name="Results Not in a List" id="8c84fa94-04c1-424b-9868-57a2d4851a1d" />
    <TestList name="All Loaded Results" id="19431567-8539-422a-85d7-44ee4e166bda" />
  </TestLists>
  <TestEntries>
    <TestEntry testId="31326362-3538-3162-3766-343661363665" executionId="8bb91503-03ef-4778-9ba4-560d90f3de6b" testListId="8c84fa94-04c1-424b-9868-57a2d4851a1d" />
    <TestEntry testId="31626539-6563-3962-3336-393939666530" executionId="104da101-715c-44ce-bc60-8ca583559c1a" testListId="8c84fa94-04c1-424b-9868-57a2d4851a1d" />
    <TestEntry testId="32326366-3230-6230-6536-636466666165" executionId="9d4db1a2-b530-47fe-ac3c-0423d4adbb2e" testListId="8c84fa94-04c1-424b-9868-57a2d4851a1d" />
    <TestEntry testId="32353163-3465-6162-3762-636231366337" executionId="b0426684-4c6c-4ea8-af1d-9cac887d045e" testListId="8c84fa94-04c1-424b-9868-57a2d4851a1d" />
    <TestEntry testId="35343135-6530-6565-3663-336134633930" executionId="59624ad8-63a3-4aea-bde8-115092c708dc" testListId="8c84fa94-04c1-424b-9868-57a2d4851a1d" />
    <TestEntry testId="38633163-3262-6634-3637-626463376365" executionId="b5251da6-2cd6-4b84-a230-657ab74c8bfb" testListId="8c84fa94-04c1-424b-9868-57a2d4851a1d" />
    <TestEntry testId="61643337-6565-3630-3935-326438613220" executionId="9682ca6e-91fd-4b59-af1e-6ab172bca255" testListId="8c84fa94-04c1-424b-9868-57a2d4851a1d" />
    <TestEntry testId="64636433-3661-3033-6433-666637313661" executionId="8087ab78-3b56-4afc-92ae-bd75f5876f78" testListId="8c84fa94-04c1-424b-9868-57a2d4851a1d" />
    <TestEntry testId="66613137-3935-3836-3464-633331353020" executionId="cd4cac78-ed6d-484f-9f31-da3ef0d3dcbd" testListId="8c84fa94-04c1-424b-9868-57a2d4851a1d" />
  </TestEntries>
  <Results>
    <GallioTestResult executionId="8bb91503-03ef-4778-9ba4-560d90f3de6b" testId="31326362-3538-3162-3766-343661363665" testName="WhereEqual" computerName="JIM-MOBILE7" duration="00:00:01.1950683" startTime="2011-11-08T20:54:06.0083716+02:00" endTime="2011-11-08T20:54:07.2034399+02:00" testType="f3589083-259c-4054-87f7-75cdad4b08e5" outcome="Aborted" testListId="8c84fa94-04c1-424b-9868-57a2d4851a1d" relativeResultsDirectory="8bb91503-03ef-4778-9ba4-560d90f3de6b">
    </GallioTestResult>
    <GallioTestResult executionId="104da101-715c-44ce-bc60-8ca583559c1a" testId="31626539-6563-3962-3336-393939666530" testName="DynamicField" computerName="JIM-MOBILE7" duration="00:00:00.8090462" startTime="2011-11-08T20:54:06.3943937+02:00" endTime="2011-11-08T20:54:07.2034399+02:00" testType="f3589083-259c-4054-87f7-75cdad4b08e5" outcome="Aborted" testListId="8c84fa94-04c1-424b-9868-57a2d4851a1d" relativeResultsDirectory="104da101-715c-44ce-bc60-8ca583559c1a">
    </GallioTestResult>
    <GallioTestResult executionId="9d4db1a2-b530-47fe-ac3c-0423d4adbb2e" testId="32326366-3230-6230-6536-636466666165" testName="Collection" computerName="JIM-MOBILE7" duration="00:00:00.7990457" startTime="2011-11-08T20:54:06.4043942+02:00" endTime="2011-11-08T20:54:07.2034399+02:00" testType="f3589083-259c-4054-87f7-75cdad4b08e5" outcome="Aborted" testListId="8c84fa94-04c1-424b-9868-57a2d4851a1d" relativeResultsDirectory="9d4db1a2-b530-47fe-ac3c-0423d4adbb2e">
    </GallioTestResult>
    <GallioTestResult executionId="b0426684-4c6c-4ea8-af1d-9cac887d045e" testId="32353163-3465-6162-3762-636231366337" testName="NotOperator" computerName="JIM-MOBILE7" duration="00:00:00.7890451" startTime="2011-11-08T20:54:06.4143948+02:00" endTime="2011-11-08T20:54:07.2034399+02:00" testType="f3589083-259c-4054-87f7-75cdad4b08e5" outcome="Aborted" testListId="8c84fa94-04c1-424b-9868-57a2d4851a1d" relativeResultsDirectory="b0426684-4c6c-4ea8-af1d-9cac887d045e">
    </GallioTestResult>
    <GallioTestResult executionId="59624ad8-63a3-4aea-bde8-115092c708dc" testId="35343135-6530-6565-3663-336134633930" testName="GreaterEquals_SmallerEqual" computerName="JIM-MOBILE7" duration="00:00:00.7790445" startTime="2011-11-08T20:54:06.4243954+02:00" endTime="2011-11-08T20:54:07.2034399+02:00" testType="f3589083-259c-4054-87f7-75cdad4b08e5" outcome="Aborted" testListId="8c84fa94-04c1-424b-9868-57a2d4851a1d" relativeResultsDirectory="59624ad8-63a3-4aea-bde8-115092c708dc">
    </GallioTestResult>
    <GallioTestResult executionId="b5251da6-2cd6-4b84-a230-657ab74c8bfb" testId="38633163-3262-6634-3637-626463376365" testName="PartialEval" computerName="JIM-MOBILE7" duration="00:00:00.7690439" startTime="2011-11-08T20:54:06.4343960+02:00" endTime="2011-11-08T20:54:07.2034399+02:00" testType="f3589083-259c-4054-87f7-75cdad4b08e5" outcome="Aborted" testListId="8c84fa94-04c1-424b-9868-57a2d4851a1d" relativeResultsDirectory="b5251da6-2cd6-4b84-a230-657ab74c8bfb">
    </GallioTestResult>
    <GallioTestResult executionId="9682ca6e-91fd-4b59-af1e-6ab172bca255" testId="61643337-6565-3630-3935-326438613220" testName="AndsOrs" computerName="JIM-MOBILE7" duration="00:00:00.7600434" startTime="2011-11-08T20:54:06.4433965+02:00" endTime="2011-11-08T20:54:07.2034399+02:00" testType="f3589083-259c-4054-87f7-75cdad4b08e5" outcome="Aborted" testListId="8c84fa94-04c1-424b-9868-57a2d4851a1d" relativeResultsDirectory="9682ca6e-91fd-4b59-af1e-6ab172bca255">
    </GallioTestResult>
    <GallioTestResult executionId="8087ab78-3b56-4afc-92ae-bd75f5876f78" testId="64636433-3661-3033-6433-666637313661" testName="Sort" computerName="JIM-MOBILE7" duration="00:00:00.7510430" startTime="2011-11-08T20:54:06.4533970+02:00" endTime="2011-11-08T20:54:07.2044400+02:00" testType="f3589083-259c-4054-87f7-75cdad4b08e5" outcome="Aborted" testListId="8c84fa94-04c1-424b-9868-57a2d4851a1d" relativeResultsDirectory="8087ab78-3b56-4afc-92ae-bd75f5876f78">
    </GallioTestResult>
    <GallioTestResult executionId="cd4cac78-ed6d-484f-9f31-da3ef0d3dcbd" testId="66613137-3935-3836-3464-633331353020" testName="DefaultField" computerName="JIM-MOBILE7" duration="00:00:00.7410424" startTime="2011-11-08T20:54:06.4633976+02:00" endTime="2011-11-08T20:54:07.2044400+02:00" testType="f3589083-259c-4054-87f7-75cdad4b08e5" outcome="Aborted" testListId="8c84fa94-04c1-424b-9868-57a2d4851a1d" relativeResultsDirectory="cd4cac78-ed6d-484f-9f31-da3ef0d3dcbd">
    </GallioTestResult>
  </Results>
</TestRun>