<?xml version="1.0" encoding="UTF-8"?>
<TestRun id="97667eba-74bc-4750-8a39-dc6bb9e73f35" name="Jim@JIM-MOBILE7 2011-11-08 17:54:14" runUser="LOGIC\Jim" xmlns="http://microsoft.com/schemas/VisualStudio/TeamTest/2010">
  <TestSettings name="Local" id="cac0bc0b-ab24-4a67-8e6f-c38ad8aab0d0">
    <Description>These are default test settings for a local test run.</Description>
    <Deployment enabled="false" runDeploymentRoot="Jim_JIM-MOBILE7 2011-11-08 17_54_14" />
    <Execution>
      <TestTypeSpecific />
      <AgentRule name="Execution Agents">
      </AgentRule>
    </Execution>
  </TestSettings>
  <Times creation="2011-11-08T17:54:14.4619453+02:00" queuing="2011-11-08T17:54:16.8191810+02:00" start="2011-11-08T17:54:16.9361927+02:00" finish="2011-11-08T17:54:18.2743265+02:00" />
  <ResultSummary outcome="Completed">
    <Counters total="1" executed="1" passed="1" error="0" failed="0" timeout="0" aborted="0" inconclusive="0" passedButRunAborted="0" notRunnable="0" notExecuted="0" disconnected="0" warning="0" completed="0" inProgress="0" pending="0" />
  </ResultSummary>
  <TestDefinitions>
    <UnitTest name="FilterQueries" storage="d:\misc\code\solrnet\linq.solrnet.tests\bin\debug\linq.solrnet.tests.dll" id="f0001cd2-dbd4-a4c8-7b5a-637ccb7b8507">
      <Execution id="eba578e3-c237-459d-968f-4daaac91fe3f" />
      <TestMethod codeBase="D:/Misc/Code/SolrNet/LINQ.SolrNet.Tests/bin/Debug/LINQ.SolrNet.Tests.DLL" adapterTypeName="Microsoft.VisualStudio.TestTools.TestTypes.Unit.UnitTestAdapter, Microsoft.VisualStudio.QualityTools.Tips.UnitTest.Adapter, Version=10.0.0.0, Culture=neutral, PublicKeyToken=b03f5f7f11d50a3a" className="LINQ.SolrNet.Tests.QueryableSolrNetTester, LINQ.SolrNet.Tests, Version=1.0.0.0, Culture=neutral, PublicKeyToken=null" name="FilterQueries" />
    </UnitTest>
  </TestDefinitions>
  <TestLists>
    <TestList name="Results Not in a List" id="8c84fa94-04c1-424b-9868-57a2d4851a1d" />
    <TestList name="All Loaded Results" id="19431567-8539-422a-85d7-44ee4e166bda" />
  </TestLists>
  <TestEntries>
    <TestEntry testId="f0001cd2-dbd4-a4c8-7b5a-637ccb7b8507" executionId="eba578e3-c237-459d-968f-4daaac91fe3f" testListId="8c84fa94-04c1-424b-9868-57a2d4851a1d" />
  </TestEntries>
  <Results>
    <UnitTestResult executionId="eba578e3-c237-459d-968f-4daaac91fe3f" testId="f0001cd2-dbd4-a4c8-7b5a-637ccb7b8507" testName="FilterQueries" computerName="JIM-MOBILE7" duration="00:00:00.6168921" startTime="2011-11-08T17:54:17.0372028+02:00" endTime="2011-11-08T17:54:18.1863177+02:00" testType="13cdc9d9-ddb5-4fa4-a97d-d965ccfc6d4b" outcome="Passed" testListId="8c84fa94-04c1-424b-9868-57a2d4851a1d" relativeResultsDirectory="eba578e3-c237-459d-968f-4daaac91fe3f">
    </UnitTestResult>
  </Results>
</TestRun>