<?xml version="1.0" encoding="UTF-8"?>
<TestRun id="c5d8a8d3-a0a8-480e-a16c-6e44fbaaad67" name="Jim@JIM-MOBILE7 2011-11-08 11:42:21" runUser="LOGIC\Jim" xmlns="http://microsoft.com/schemas/VisualStudio/TeamTest/2010">
  <TestSettings name="Local" id="cac0bc0b-ab24-4a67-8e6f-c38ad8aab0d0">
    <Description>These are default test settings for a local test run.</Description>
    <Deployment userDeploymentRoot="D:\Misc\Code\SolrNet\TestResults" useDefaultDeploymentRoot="false" enabled="false" runDeploymentRoot="Jim_JIM-MOBILE7 2011-11-08 11_42_21">
      <DeploymentItem filename="D:\Misc\Code\SolrNet\LINQ.SolrNet\bin\Debug\LINQ.SolrNet.dll" />
      <DeploymentItem filename="D:\Misc\Code\SolrNet\SolrNet\bin\Debug\SolrNet.dll" />
      <DeploymentItem filename="D:\Misc\Code\SolrNet\lib\Rhino.Mocks.dll" />
      <DeploymentItem filename="D:\Misc\Code\SolrNet\SolrNet.Tests\bin\Debug\SolrNet.Tests.dll" />
    </Deployment>
    <Execution>
      <TestTypeSpecific />
      <AgentRule name="Execution Agents">
      </AgentRule>
    </Execution>
  </TestSettings>
  <Times creation="2011-11-08T11:42:21.8884247+02:00" queuing="2011-11-08T11:42:28.5900948+02:00" start="2011-11-08T11:42:28.8911249+02:00" finish="2011-11-08T11:42:45.3107667+02:00" />
  <ResultSummary outcome="Error">
    <Counters total="1" executed="1" error="0" failed="0" timeout="0" aborted="1" inconclusive="0" passedButRunAborted="0" notRunnable="0" notExecuted="0" disconnected="0" warning="0" passed="0" completed="0" inProgress="0" pending="0" />
    <RunInfos>
      <RunInfo computerName="JIM-MOBILE7" outcome="Error" timestamp="2011-11-08T11:42:45.3047661+02:00">
        <Text>Test host process exited unexpectedly.</Text>
      </RunInfo>
    </RunInfos>
  </ResultSummary>
  <TestDefinitions>
    <UnitTest name="FilterQueries" storage="d:\misc\code\solrnet\linq.solrnet.tests\bin\debug\linq.solrnet.tests.dll" id="f0001cd2-dbd4-a4c8-7b5a-637ccb7b8507">
      <Execution id="fa70dee5-572e-4b59-97fa-e9b3b2bcfc66" />
      <TestMethod codeBase="D:/Misc/Code/SolrNet/LINQ.SolrNet.Tests/bin/Debug/LINQ.SolrNet.Tests.DLL" adapterTypeName="Microsoft.VisualStudio.TestTools.TestTypes.Unit.UnitTestAdapter, Microsoft.VisualStudio.QualityTools.Tips.UnitTest.Adapter, Version=10.0.0.0, Culture=neutral, PublicKeyToken=b03f5f7f11d50a3a" className="LINQ.SolrNet.Tests.QueryableSolrNetTester, LINQ.SolrNet.Tests, Version=1.0.0.0, Culture=neutral, PublicKeyToken=null" name="FilterQueries" />
    </UnitTest>
  </TestDefinitions>
  <TestLists>
    <TestList name="Results Not in a List" id="8c84fa94-04c1-424b-9868-57a2d4851a1d" />
    <TestList name="All Loaded Results" id="19431567-8539-422a-85d7-44ee4e166bda" />
  </TestLists>
  <TestEntries>
    <TestEntry testId="f0001cd2-dbd4-a4c8-7b5a-637ccb7b8507" executionId="fa70dee5-572e-4b59-97fa-e9b3b2bcfc66" testListId="8c84fa94-04c1-424b-9868-57a2d4851a1d" />
  </TestEntries>
  <Results>
    <UnitTestResult executionId="fa70dee5-572e-4b59-97fa-e9b3b2bcfc66" testId="f0001cd2-dbd4-a4c8-7b5a-637ccb7b8507" testName="FilterQueries" computerName="JIM-MOBILE7" duration="00:00:16.1776176" startTime="2011-11-08T11:42:29.1331491+02:00" endTime="2011-11-08T11:42:45.3107667+02:00" testType="13cdc9d9-ddb5-4fa4-a97d-d965ccfc6d4b" outcome="Aborted" testListId="8c84fa94-04c1-424b-9868-57a2d4851a1d" relativeResultsDirectory="fa70dee5-572e-4b59-97fa-e9b3b2bcfc66">
    </UnitTestResult>
  </Results>
</TestRun>